Json data in files is of different type
  * File test/jsonrpc-examples/foundry-proof.execute.response: ExecuteM response
  * File test/jsonrpc-examples/params.random.json: unknown object
