Files test/jsonrpc-examples/params.random.json and test/jsonrpc-examples/params.random.json are identical unknown objects